I'm sorry, but errors were detected in your script. Please correct the
errors listed below, and try again.


File "game/script.rpy", line 17: expected 'word' not found.
    style.default.font = "mushin.otf"
         ^

Ren'Py Version: Ren'Py 6.99.11.1749
